
> my-app@0.1.0 dev
> next dev -p 3185

ready - started server on 0.0.0.0:3185, url: http://localhost:3185
event - compiled client and server successfully in 519 ms (381 modules)
wait  - compiling...
event - compiled successfully in 87 ms (270 modules)
wait  - compiling...
event - compiled successfully in 20 ms (111 modules)
wait  - compiling /home (client and server)...
event - compiled client and server successfully in 261 ms (435 modules)
wait  - compiling /404 (client and server)...
event - compiled client and server successfully in 186 ms (438 modules)
wait  - compiling /games...
event - compiled client and server successfully in 180 ms (440 modules)
wait  - compiling /games (client and server)...
event - compiled client and server successfully in 57 ms (441 modules)
wait  - compiling /catalog...
event - compiled client and server successfully in 96 ms (465 modules)
wait  - compiling /catalog/[assetId]/[name]...
event - compiled client and server successfully in 179 ms (509 modules)
wait  - compiling /User.aspx...
event - compiled client and server successfully in 139 ms (511 modules)
wait  - compiling /User.aspx (client and server)...
event - compiled client and server successfully in 67 ms (512 modules)
wait  - compiling /users/[userId]/profile...
event - compiled client and server successfully in 97 ms (540 modules)
wait  - compiling /develop...
event - compiled client and server successfully in 168 ms (443 modules)
wait  - compiling /download...
event - compiled client and server successfully in 128 ms (447 modules)
wait  - compiling /login (client and server)...
event - compiled client and server successfully in 191 ms (438 modules)
wait  - compiling /home (client and server)...
event - compiled client and server successfully in 73 ms (435 modules)
wait  - compiling /404 (client and server)...
event - compiled client and server successfully in 71 ms (438 modules)
wait  - compiling /catalog...
event - compiled client and server successfully in 58 ms (462 modules)
wait  - compiling /catalog/[assetId]/[name]...
event - compiled client and server successfully in 54 ms (506 modules)
wait  - compiling /User.aspx...
event - compiled client and server successfully in 55 ms (508 modules)
wait  - compiling /User.aspx (client and server)...
event - compiled client and server successfully in 53 ms (509 modules)
wait  - compiling /users/[userId]/profile...
event - compiled client and server successfully in 212 ms (537 modules)
wait  - compiling /users/[userId]/friends...
event - compiled client and server successfully in 117 ms (543 modules)
wait  - compiling /users/[userId]/profile (client and server)...
event - compiled client and server successfully in 132 ms (473 modules)
wait  - compiling /games...
event - compiled client and server successfully in 49 ms (480 modules)
wait  - compiling /games (client and server)...
event - compiled client and server successfully in 103 ms (487 modules)
wait  - compiling /users/[userId]/friends...
event - compiled client and server successfully in 62 ms (437 modules)
wait  - compiling /home (client and server)...
event - compiled client and server successfully in 87 ms (435 modules)
wait  - compiling /404 (client and server)...
event - compiled client and server successfully in 64 ms (438 modules)
wait  - compiling /My/Character.aspx...
event - compiled client and server successfully in 126 ms (458 modules)
wait  - compiling /users/[userId]/profile (client and server)...
event - compiled client and server successfully in 59 ms (473 modules)
wait  - compiling /My/Character.aspx (client and server)...
event - compiled client and server successfully in 247 ms (506 modules)
wait  - compiling /My/Groups.aspx...
event - compiled client and server successfully in 139 ms (493 modules)
wait  - compiling /home...
event - compiled client and server successfully in 76 ms (411 modules)
wait  - compiling /home (client and server)...
event - compiled client and server successfully in 47 ms (438 modules)
wait  - compiling /games...
event - compiled client and server successfully in 110 ms (440 modules)
wait  - compiling /games (client and server)...
event - compiled client and server successfully in 89 ms (441 modules)
wait  - compiling /develop...
event - compiled client and server successfully in 178 ms (464 modules)
wait  - compiling /My/Character.aspx...
event - compiled client and server successfully in 117 ms (480 modules)
wait  - compiling /My/Character.aspx (client and server)...
event - compiled client and server successfully in 113 ms (433 modules)
wait  - compiling...
event - compiled client and server successfully in 273 ms (384 modules)
wait  - compiling /_error (client and server)...
event - compiled client and server successfully in 161 ms (385 modules)
