
> my-app@0.1.0 dev
> next dev -p 3185

ready - started server on 0.0.0.0:3185, url: http://localhost:3185
event - compiled client and server successfully in 460 ms (381 modules)
wait  - compiling /404 (client and server)...
event - compiled client and server successfully in 102 ms (384 modules)
wait  - compiling /home (client and server)...
event - compiled client and server successfully in 244 ms (438 modules)
wait  - compiling /games...
event - compiled client and server successfully in 98 ms (402 modules)
wait  - compiling /games (client and server)...
event - compiled client and server successfully in 71 ms (420 modules)
wait  - compiling /catalog...
event - compiled client and server successfully in 686 ms (444 modules)
wait  - compiling /develop...
event - compiled client and server successfully in 154 ms (467 modules)
wait  - compiling /home...
event - compiled client and server successfully in 57 ms (411 modules)
wait  - compiling /home (client and server)...
event - compiled client and server successfully in 65 ms (438 modules)
wait  - compiling /develop...
event - compiled client and server successfully in 53 ms (461 modules)
wait  - compiling /My/Character.aspx...
event - compiled client and server successfully in 147 ms (477 modules)
wait  - compiling /My/Account...
event - compiled client and server successfully in 96 ms (495 modules)
wait  - compiling /My/Account (client and server)...
event - compiled client and server successfully in 94 ms (515 modules)
wait  - compiling /users/[userId]/profile...
event - compiled client and server successfully in 143 ms (509 modules)
wait  - compiling /users/[userId]/profile (client and server)...
event - compiled client and server successfully in 174 ms (499 modules)
wait  - compiling /games...
event - compiled client and server successfully in 86 ms (440 modules)
wait  - compiling /games (client and server)...
event - compiled client and server successfully in 50 ms (441 modules)
wait  - compiling /catalog...
event - compiled client and server successfully in 135 ms (465 modules)
wait  - compiling /develop...
event - compiled client and server successfully in 55 ms (488 modules)
wait  - compiling...
event - compiled client and server successfully in 248 ms (384 modules)
wait  - compiling /home (client and server)...
event - compiled client and server successfully in 66 ms (438 modules)
wait  - compiling /games...
event - compiled client and server successfully in 58 ms (440 modules)
wait  - compiling /games (client and server)...
event - compiled client and server successfully in 40 ms (441 modules)
wait  - compiling /catalog...
event - compiled client and server successfully in 55 ms (465 modules)
wait  - compiling /develop...
event - compiled client and server successfully in 54 ms (488 modules)
wait  - compiling /My/Messages...
event - compiled client and server successfully in 125 ms (403 modules)
wait  - compiling /users/[userId]/profile (client and server)...
event - compiled client and server successfully in 190 ms (487 modules)
wait  - compiling /games...
event - compiled client and server successfully in 63 ms (480 modules)
wait  - compiling /games (client and server)...
event - compiled client and server successfully in 66 ms (454 modules)
wait  - compiling /develop...
event - compiled client and server successfully in 51 ms (443 modules)
wait  - compiling /My/Groups.aspx...
event - compiled client and server successfully in 93 ms (468 modules)
wait  - compiling /My/CreateGroup.aspx (client and server)...
event - compiled client and server successfully in 130 ms (474 modules)
wait  - compiling /catalog...
event - compiled client and server successfully in 75 ms (494 modules)
wait  - compiling /home (client and server)...
event - compiled client and server successfully in 177 ms (513 modules)
wait  - compiling /My/Character.aspx...
event - compiled client and server successfully in 60 ms (409 modules)
wait  - compiling /users/[userId]/profile...
event - compiled client and server successfully in 99 ms (446 modules)
wait  - compiling /home (client and server)...
event - compiled client and server successfully in 52 ms (486 modules)
wait  - compiling /develop...
event - compiled client and server successfully in 177 ms (491 modules)
wait  - compiling /catalog...
event - compiled client and server successfully in 223 ms (485 modules)
wait  - compiling /games...
event - compiled client and server successfully in 124 ms (449 modules)
wait  - compiling /games (client and server)...
event - compiled client and server successfully in 119 ms (467 modules)
wait  - compiling /users/[userId]/profile...
event - compiled client and server successfully in 111 ms (500 modules)
wait  - compiling /home...
event - compiled client and server successfully in 66 ms (462 modules)
wait  - compiling /home (client and server)...
event - compiled client and server successfully in 42 ms (472 modules)
wait  - compiling /My/Character.aspx...
event - compiled client and server successfully in 147 ms (486 modules)
wait  - compiling /My/Money.aspx...
event - compiled client and server successfully in 196 ms (424 modules)
wait  - compiling /My/Trades.aspx (client and server)...
event - compiled client and server successfully in 311 ms (465 modules)
wait  - compiling /My/Money.aspx (client and server)...
event - compiled client and server successfully in 58 ms (466 modules)
wait  - compiling /users/[userId]/profile...
event - compiled client and server successfully in 62 ms (505 modules)
wait  - compiling /My/Account...
event - compiled client and server successfully in 125 ms (523 modules)
wait  - compiling /users/[userId]/friends...
event - compiled client and server successfully in 104 ms (418 modules)
wait  - compiling /My/Messages...
event - compiled client and server successfully in 62 ms (431 modules)
wait  - compiling /users/[userId]/profile...
event - compiled client and server successfully in 72 ms (467 modules)
wait  - compiling /users/[userId]/inventory...
event - compiled client and server successfully in 82 ms (459 modules)
wait  - compiling /My/Trades.aspx...
event - compiled client and server successfully in 55 ms (490 modules)
wait  - compiling /My/Groups.aspx...
event - compiled client and server successfully in 69 ms (506 modules)
wait  - compiling /home...
event - compiled client and server successfully in 118 ms (517 modules)
wait  - compiling /home (client and server)...
event - compiled client and server successfully in 90 ms (544 modules)
wait  - compiling /users/[userId]/profile (client and server)...
event - compiled client and server successfully in 206 ms (473 modules)
wait  - compiling /home...
event - compiled client and server successfully in 64 ms (486 modules)
wait  - compiling /home (client and server)...
event - compiled client and server successfully in 45 ms (499 modules)
wait  - compiling /My/Messages...
event - compiled client and server successfully in 70 ms (487 modules)
wait  - compiling /users/[userId]/friends...
event - compiled client and server successfully in 49 ms (412 modules)
wait  - compiling /home...
event - compiled client and server successfully in 60 ms (432 modules)
wait  - compiling /home (client and server)...
event - compiled client and server successfully in 52 ms (459 modules)
wait  - compiling /users/[userId]/profile (client and server)...
event - compiled client and server successfully in 59 ms (473 modules)
wait  - compiling /catalog...
event - compiled client and server successfully in 108 ms (413 modules)
wait  - compiling /catalog (client and server)...
event - compiled client and server successfully in 181 ms (440 modules)
wait  - compiling...
event - compiled client and server successfully in 204 ms (384 modules)
wait  - compiling /catalog (client and server)...
event - compiled client and server successfully in 64 ms (440 modules)
wait  - compiling /users/[userId]/profile...
event - compiled client and server successfully in 50 ms (480 modules)
wait  - compiling /My/Character.aspx...
event - compiled client and server successfully in 103 ms (497 modules)
wait  - compiling /home (client and server)...
event - compiled client and server successfully in 79 ms (532 modules)
wait  - compiling /develop...
event - compiled client and server successfully in 122 ms (550 modules)
wait  - compiling...
event - compiled client and server successfully in 163 ms (384 modules)
wait  - compiling /home (client and server)...
event - compiled client and server successfully in 92 ms (435 modules)
wait  - compiling /404 (client and server)...
event - compiled client and server successfully in 89 ms (438 modules)
wait  - compiling /games...
event - compiled client and server successfully in 89 ms (440 modules)
wait  - compiling /games (client and server)...
event - compiled client and server successfully in 67 ms (441 modules)
wait  - compiling /My/Character.aspx...
event - compiled client and server successfully in 102 ms (461 modules)
wait  - compiling...
event - compiled client and server successfully in 1207 ms (381 modules)
wait  - compiling...
event - compiled client and server successfully in 311 ms (381 modules)
wait  - compiling /catalog (client and server)...
event - compiled client and server successfully in 149 ms (437 modules)
wait  - compiling /404 (client and server)...
event - compiled client and server successfully in 54 ms (440 modules)
wait  - compiling /users/[userId]/profile (client and server)...
event - compiled client and server successfully in 240 ms (519 modules)
wait  - compiling /Forum/Default.aspx...
event - compiled client and server successfully in 123 ms (393 modules)
wait  - compiling /Forum/ShowForum.aspx (client and server)...
event - compiled client and server successfully in 139 ms (404 modules)
wait  - compiling /Forum/MyForums.aspx...
event - compiled client and server successfully in 63 ms (407 modules)
wait  - compiling /catalog/[assetId]/[name] (client and server)...
event - compiled client and server successfully in 474 ms (495 modules)
wait  - compiling /users/[userId]/profile (client and server)...
event - compiled client and server successfully in 56 ms (473 modules)
wait  - compiling /users/[userId]/inventory...
event - compiled client and server successfully in 67 ms (484 modules)
wait  - compiling /My/Character.aspx...
event - compiled client and server successfully in 79 ms (501 modules)
wait  - compiling /My/Character.aspx (client and server)...
event - compiled client and server successfully in 103 ms (517 modules)
wait  - compiling /catalog (client and server)...
event - compiled client and server successfully in 678 ms (440 modules)
wait  - compiling /catalog/[assetId]/[name]...
event - compiled client and server successfully in 219 ms (488 modules)
wait  - compiling /User.aspx...
event - compiled client and server successfully in 223 ms (490 modules)
wait  - compiling /User.aspx (client and server)...
event - compiled client and server successfully in 163 ms (491 modules)
wait  - compiling /users/[userId]/profile...
event - compiled client and server successfully in 182 ms (526 modules)
wait  - compiling /users/[userId]/inventory (client and server)...
event - compiled client and server successfully in 457 ms (460 modules)
wait  - compiling /home...
event - compiled client and server successfully in 125 ms (469 modules)
wait  - compiling /home (client and server)...
event - compiled client and server successfully in 102 ms (491 modules)
wait  - compiling /catalog...
event - compiled client and server successfully in 53 ms (503 modules)
wait  - compiling /games...
event - compiled client and server successfully in 78 ms (495 modules)
wait  - compiling /games (client and server)...
event - compiled client and server successfully in 48 ms (496 modules)
wait  - compiling /catalog/[assetId]/[name]...
event - compiled client and server successfully in 56 ms (537 modules)
wait  - compiling /My/Groups.aspx...
event - compiled client and server successfully in 85 ms (508 modules)
wait  - compiling /My/CreateGroup.aspx (client and server)...
event - compiled client and server successfully in 56 ms (514 modules)
wait  - compiling /My/Groups.aspx (client and server)...
event - compiled client and server successfully in 122 ms (451 modules)
props { id: undefined }
props { id: undefined }
wait  - compiling...
event - compiled client and server successfully in 99 ms (451 modules)
props { id: undefined }
wait  - compiling /My/GroupAdmin.aspx (client and server)...
event - compiled client and server successfully in 392 ms (533 modules)
wait  - compiling /users/[userId]/profile...
event - compiled client and server successfully in 54 ms (569 modules)
wait  - compiling /users/[userId]/profile (client and server)...
event - compiled client and server successfully in 73 ms (473 modules)
wait  - compiling /My/Groups.aspx...
event - compiled client and server successfully in 66 ms (499 modules)
wait  - compiling /My/Groups.aspx (client and server)...
event - compiled client and server successfully in 43 ms (524 modules)
props { id: undefined }
props { id: undefined }
wait  - compiling /catalog/[assetId]/[name] (client and server)...
event - compiled client and server successfully in 179 ms (495 modules)
wait  - compiling /users/[userId]/profile...
event - compiled client and server successfully in 63 ms (429 modules)
wait  - compiling /home...
event - compiled client and server successfully in 127 ms (442 modules)
wait  - compiling /home (client and server)...
event - compiled client and server successfully in 106 ms (469 modules)
wait  - compiling /My/Character.aspx...
event - compiled client and server successfully in 81 ms (486 modules)
wait  - compiling /catalog/[assetId]/[name]...
event - compiled client and server successfully in 54 ms (525 modules)
wait  - compiling /catalog...
event - compiled client and server successfully in 65 ms (474 modules)
wait  - compiling /develop...
event - compiled client and server successfully in 85 ms (493 modules)
wait  - compiling /games...
event - compiled client and server successfully in 48 ms (449 modules)
wait  - compiling /games (client and server)...
event - compiled client and server successfully in 66 ms (467 modules)
wait  - compiling /home...
event - compiled client and server successfully in 47 ms (454 modules)
wait  - compiling /home (client and server)...
event - compiled client and server successfully in 47 ms (464 modules)
wait  - compiling /users/[userId]/profile...
event - compiled client and server successfully in 71 ms (429 modules)
wait  - compiling /develop...
event - compiled client and server successfully in 44 ms (451 modules)
wait  - compiling /develop (client and server)...
event - compiled client and server successfully in 186 ms (439 modules)
wait  - compiling /catalog/[assetId]/[name]...
event - compiled client and server successfully in 89 ms (486 modules)
wait  - compiling /My/Groups.aspx...
event - compiled client and server successfully in 54 ms (418 modules)
wait  - compiling /My/Messages...
event - compiled client and server successfully in 51 ms (428 modules)
wait  - compiling /users/[userId]/profile...
event - compiled client and server successfully in 78 ms (464 modules)
wait  - compiling /home...
event - compiled client and server successfully in 45 ms (476 modules)
wait  - compiling /home (client and server)...
event - compiled client and server successfully in 56 ms (503 modules)
wait  - compiling /catalog...
event - compiled client and server successfully in 47 ms (523 modules)
wait  - compiling /games...
event - compiled client and server successfully in 52 ms (507 modules)
wait  - compiling /games (client and server)...
event - compiled client and server successfully in 38 ms (508 modules)
wait  - compiling /users/[userId]/profile (client and server)...
event - compiled client and server successfully in 84 ms (473 modules)
wait  - compiling /login (client and server)...
event - compiled client and server successfully in 162 ms (491 modules)
wait  - compiling /home (client and server)...
event - compiled client and server successfully in 70 ms (435 modules)
wait  - compiling /404 (client and server)...
event - compiled client and server successfully in 52 ms (438 modules)
wait  - compiling /login (client and server)...
event - compiled client and server successfully in 61 ms (456 modules)
wait  - compiling...
event - compiled client and server successfully in 160 ms (381 modules)
wait  - compiling /404 (client and server)...
event - compiled client and server successfully in 88 ms (384 modules)
wait  - compiling /home (client and server)...
event - compiled client and server successfully in 68 ms (435 modules)
wait  - compiling /404 (client and server)...
event - compiled client and server successfully in 55 ms (438 modules)
wait  - compiling /users/[userId]/friends...
event - compiled client and server successfully in 97 ms (447 modules)
wait  - compiling /My/Messages...
event - compiled client and server successfully in 64 ms (459 modules)
wait  - compiling /users/[userId]/profile...
event - compiled client and server successfully in 126 ms (489 modules)
wait  - compiling /users/[userId]/inventory...
event - compiled client and server successfully in 73 ms (498 modules)
wait  - compiling /My/Character.aspx...
event - compiled client and server successfully in 83 ms (512 modules)
wait  - compiling /games...
event - compiled client and server successfully in 55 ms (514 modules)
wait  - compiling /games (client and server)...
event - compiled client and server successfully in 55 ms (515 modules)
wait  - compiling /catalog...
event - compiled client and server successfully in 69 ms (537 modules)
wait  - compiling /catalog/[assetId]/[name]...
event - compiled client and server successfully in 87 ms (557 modules)
wait  - compiling /home (client and server)...
event - compiled client and server successfully in 56 ms (573 modules)
wait  - compiling /My/Money.aspx...
event - compiled client and server successfully in 91 ms (534 modules)
wait  - compiling /My/Money.aspx (client and server)...
event - compiled client and server successfully in 130 ms (567 modules)
wait  - compiling /users/[userId]/profile...
event - compiled client and server successfully in 63 ms (469 modules)
wait  - compiling /users/[userId]/friends...
event - compiled client and server successfully in 43 ms (477 modules)
wait  - compiling /develop...
event - compiled client and server successfully in 57 ms (461 modules)
wait  - compiling /catalog...
event - compiled client and server successfully in 48 ms (485 modules)
wait  - compiling /games...
event - compiled client and server successfully in 45 ms (487 modules)
wait  - compiling /games (client and server)...
event - compiled client and server successfully in 45 ms (488 modules)
wait  - compiling /download (client and server)...
event - compiled client and server successfully in 103 ms (391 modules)
wait  - compiling...
event - compiled client and server successfully in 91 ms (384 modules)
wait  - compiling...
event - compiled client and server successfully in 183 ms (384 modules)
wait  - compiling...
event - compiled client and server successfully in 109 ms (384 modules)
wait  - compiling...
event - compiled client and server successfully in 94 ms (384 modules)
wait  - compiling /download (client and server)...
event - compiled client and server successfully in 56 ms (391 modules)
wait  - compiling /develop...
event - compiled client and server successfully in 137 ms (419 modules)
wait  - compiling /games...
event - compiled client and server successfully in 58 ms (425 modules)
wait  - compiling /games (client and server)...
event - compiled client and server successfully in 105 ms (443 modules)
wait  - compiling /download (client and server)...
event - compiled client and server successfully in 60 ms (391 modules)
wait  - compiling...
event - compiled client and server successfully in 57 ms (384 modules)
wait  - compiling /download (client and server)...
event - compiled client and server successfully in 120 ms (391 modules)
wait  - compiling /users/[userId]/profile...
event - compiled client and server successfully in 111 ms (429 modules)
wait  - compiling /catalog...
event - compiled client and server successfully in 68 ms (453 modules)
wait  - compiling /develop...
event - compiled client and server successfully in 72 ms (475 modules)
wait  - compiling /catalog (client and server)...
event - compiled client and server successfully in 113 ms (502 modules)
wait  - compiling /home...
event - compiled client and server successfully in 127 ms (515 modules)
wait  - compiling /home (client and server)...
event - compiled client and server successfully in 90 ms (537 modules)
